[1;34mD/(app.py:1461)=> GET http://localhost:8099/ [0m
[1;34mD/(app.py:1461)=> GET http://localhost:8099/favicon.ico [0m
[1;34mD/(app.py:1461)=> GET http://localhost:8099/ [0m
[1;34mD/(app.py:1461)=> GET http://localhost:8099/favicon.ico [0m
[1;34mD/(app.py:1461)=> GET http://localhost:8099/ [0m
[1;34mD/(app.py:1461)=> GET http://localhost:8099/favicon.ico [0m
[1;34mD/(app.py:1461)=> GET http://localhost:8099/asdflkasdfl [0m
[1;34mD/(app.py:1461)=> GET http://localhost:8099/favicon.ico [0m
[1;34mD/(app.py:1461)=> GET http://localhost:8099/asdflkasdfl' aslkdfj  asdf [0m
[1;34mD/(app.py:1461)=> GET http://localhost:8099/favicon.ico [0m
[1;34mD/(app.py:1461)=> GET http://localhost:8099/asdflkasdfl' aslkdfj  asdf [0m
[1;34mD/(app.py:1461)=> GET http://localhost:8099/favicon.ico [0m
[1;34mD/(app.py:1461)=> GET http://localhost:8099/asdflkasdfl' aslkdfj  asdf [0m
[1;34mD/(app.py:1461)=> GET http://localhost:8099/favicon.ico [0m
[1;34mD/(app.py:1461)=> GET http://localhost:8099/asdflkasdfl' aslkdfj  asdf [0m
[1;34mD/(app.py:1461)=> GET http://localhost:8099/asdflkasdfl' aslkdfj  asdf [0m
[1;34mD/(app.py:1461)=> GET http://localhost:8099/asdflkasdfl' aslkdfj  asdf [0m
[1;34mD/(app.py:1461)=> GET http://localhost:8099/favicon.ico [0m
[1;34mD/(app.py:1461)=> GET http://localhost:8099/asdflkasdfl' aslkdfj  asdf [0m
[1;34mD/(app.py:1461)=> GET http://localhost:8099/favicon.ico [0m
[1;34mD/(app.py:1461)=> GET http://localhost:8099/asdflkasdfl' aslkdfj  asdf [0m
[1;34mD/(app.py:1461)=> GET http://localhost:8099/asdflkasdfl' aslkdfj  asdf [0m
[1;34mD/(app.py:1461)=> GET http://localhost:8099/favicon.ico [0m
[1;34mD/(app.py:1461)=> GET http://localhost:8099/asdflkasdfl' aslkdfj  asdf [0m
[1;34mD/(app.py:1461)=> GET http://localhost:8099/asdflkasdfl' aslkdfj  asdf [0m
[1;34mD/(app.py:1461)=> GET http://localhost:8099/favicon.ico [0m
[1;34mD/(app.py:1461)=> GET http://localhost:8099/asdflkasdfl' aslkdfj  asdf [0m
[1;34mD/(app.py:1461)=> GET http://localhost:8099/favicon.ico [0m
[1;34mD/(app.py:1461)=> GET http://localhost:8099/asdflkasdfl' aslkdfj  asdf [0m
[1;34mD/(app.py:1461)=> GET http://localhost:8099/favicon.ico [0m
[1;34mD/(app.py:1461)=> GET http://localhost:8099/asdflkasdfl' aslkdfj  asdf [0m
[1;34mD/(app.py:1461)=> GET http://localhost:8099/favicon.ico [0m
[1;34mD/(app.py:1461)=> GET http://localhost:8099/asdflkasdfl' aslkdfj  asdf [0m
[1;34mD/(app.py:1461)=> GET http://localhost:8099/favicon.ico [0m
[1;34mD/(app.py:1461)=> GET http://localhost:8099/asdflkasdfl' aslkdfj  asdf [0m
[1;34mD/(app.py:1461)=> GET http://localhost:8099/favicon.ico [0m
[1;34mD/(app.py:1461)=> GET http://localhost:8099/asdflkasdfl' aslkdfj  asdf [0m
[1;34mD/(app.py:1461)=> GET http://localhost:8099/favicon.ico [0m
[1;34mD/(app.py:1461)=> GET http://localhost:8099/asdflkasdfl' aslkdfj  asdf [0m
[1;34mD/(app.py:1461)=> GET http://localhost:8099/favicon.ico [0m
